// Jest Snapshot v1, https://goo.gl/fbAQLP

exports[`PrivacyChecks component should render 1`] = `
<form
  class="sc-AxirZ jfPcbx"
>
  <div
    class="sc-AxiKw fKWGNZ"
  >
    <input
      data-testid="updatesCheckbox"
      type="checkbox"
    />
    <p
      class="sc-AxhCb bYDHFA"
    >
      Receive updates about Tray.io product by email
    </p>
  </div>
  <div
    class="sc-AxiKw fKWGNZ"
  >
    <input
      data-testid="communicationCheckbox"
      type="checkbox"
    />
    <p
      class="sc-AxhCb bYDHFA"
    >
      Receive communication by email for other products created by the Tray.io team
    </p>
  </div>
  <button
    class="sc-AxjAm jyhTFg"
    data-testid="privacySubmit"
    type="submit"
  >
    Next
  </button>
</form>
`;
