// Jest Snapshot v1, https://goo.gl/fbAQLP

exports[`Button component should render 1`] = `
<button
  class="sc-AxjAm bRcXEK"
  type="submit"
>
  Click me
</button>
`;
