// Jest Snapshot v1, https://goo.gl/fbAQLP

exports[`App component should render 1`] = `
<div
  class="sc-fzqNJr eTXyob"
>
  <header>
    <h1
      class="sc-fzoyAV hZjXHn"
    >
      Tray.io
    </h1>
  </header>
  <div>
    <h2
      class="sc-fznZeY bRAloj"
    >
      Sign Up Form
    </h2>
    <div
      class="sc-fzokOt kfkDjJ"
    >
      <button
        class="sc-fzqBZW hTgkWT"
        type="button"
      >
        User
      </button>
      <button
        class="sc-fzqBZW bJTCrv"
        type="button"
      >
        Privacy
      </button>
      <button
        class="sc-fzqBZW bJTCrv"
        type="button"
      >
        Done
      </button>
    </div>
    <div
      class="sc-AxhCb iLrMEl"
    >
      <p
        class="sc-AxhUy hQDqcJ"
      >
        <span
          class="sc-AxgMl lYEcR"
        >
          *
        </span>
         indicates a required field
      </p>
      <form
        action="#"
        class="sc-AxheI fFzjlp"
      >
        <label
          class="sc-AxmLO dkqJhP"
          for="name"
        >
          Name: 
          <span
            class="sc-AxgMl lYEcR"
          >
            *
          </span>
        </label>
        <input
          class="sc-Axmtr lkhMLB"
          data-testid="signUpNameInput"
          id="name"
          name="name"
          placeholder="Joe Bloggs"
          type="text"
          value=""
        />
        <label
          class="sc-AxmLO dkqJhP"
          for="role"
        >
          Role:
        </label>
        <input
          class="sc-Axmtr lkhMLB"
          data-testid="signUpRoleInput"
          id="role"
          name="role"
          placeholder="Software Engineer"
          type="text"
          value=""
        />
        <label
          class="sc-AxmLO dkqJhP"
          for="email"
        >
          Email: 
          <span
            class="sc-AxgMl lYEcR"
          >
            *
          </span>
        </label>
        <input
          class="sc-Axmtr lkhMLB"
          data-testid="signUpEmailInput"
          id="email"
          name="email"
          placeholder="hello@email.com"
          type="email"
          value=""
        />
        <label
          class="sc-AxmLO dkqJhP"
          for="password"
        >
          Password: 
          <span
            class="sc-AxgMl lYEcR"
          >
            *
          </span>
        </label>
        <input
          class="sc-Axmtr lkhMLB"
          data-testid="signUpPasswordInput"
          id="password"
          name="password"
          placeholder="Secret password..."
          type="password"
          value=""
        />
        <button
          class="sc-AxirZ esfovg"
          data-testid="signUpSubmitButton"
          type="submit"
        >
          Submit
        </button>
      </form>
    </div>
  </div>
</div>
`;
