// Jest Snapshot v1, https://goo.gl/fbAQLP

exports[`SignUpForm component should render 1`] = `
<div
  class="sc-AxirZ jfPcbx"
>
  <form
    action="#"
    class="sc-AxiKw iSgsng"
  >
    <label
      class="sc-AxhUy jBwtVz"
      for="name"
    >
      Name:
      <input
        class="sc-AxhCb bMSIvc"
        data-testid="signUpNameInput"
        id="name"
        name="name"
        type="text"
        value=""
      />
    </label>
    <label
      class="sc-AxhUy jBwtVz"
      for="role"
    >
      Role:
      <input
        class="sc-AxhCb bMSIvc"
        data-testid="signUpRoleInput"
        id="role"
        name="role"
        type="text"
        value=""
      />
    </label>
    <label
      class="sc-AxhUy jBwtVz"
      for="email"
    >
      Email:
      <input
        class="sc-AxhCb bMSIvc"
        data-testid="signUpEmailInput"
        id="email"
        name="email"
        type="email"
        value=""
      />
    </label>
    <label
      class="sc-AxhUy jBwtVz"
      for="password"
    >
      Password:
      <input
        class="sc-AxhCb bMSIvc"
        data-testid="signUpPasswordInput"
        id="password"
        name="password"
        type="password"
        value=""
      />
    </label>
    <button
      class="sc-AxjAm bRcXEK"
      data-testid="signUpSubmitButton"
      type="submit"
    >
      Submit
    </button>
  </form>
</div>
`;
